[backblue.gif]
[fade.gif]
[index.html]
[demo.awaikenthemes.com/html-preview/leadz/images/favicon.png]
[demo.awaikenthemes.com/html-preview/leadz/images/hero-image.jpg]
[demo.awaikenthemes.com/html-preview/leadz/images/payment-method-image.png]
[demo.awaikenthemes.com/html-preview/leadz/images/service-box-image-1.png]
[demo.awaikenthemes.com/html-preview/leadz/images/service-box-image-2.png]
[demo.awaikenthemes.com/html-preview/leadz/images/service-box-image-3.png]
[demo.awaikenthemes.com/html-preview/leadz/images/expertise-financial-img.jpg]
[demo.awaikenthemes.com/html-preview/leadz/images/why-choose-image-1.jpg]
[demo.awaikenthemes.com/html-preview/leadz/images/why-choose-image-2.jpg]
[demo.awaikenthemes.com/html-preview/leadz/images/why-choose-image-3.jpg]
[demo.awaikenthemes.com/html-preview/leadz/images/approach-image-1.png]
[demo.awaikenthemes.com/html-preview/leadz/images/approach-image-2.png]
[demo.awaikenthemes.com/html-preview/leadz/images/approach-image-3.png]
[demo.awaikenthemes.com/html-preview/leadz/images/approach-image-4.png]
[demo.awaikenthemes.com/html-preview/leadz/images/company-wisdom-img-1.jpg]
[demo.awaikenthemes.com/html-preview/leadz/images/company-wisdom-img-2.jpg]
[demo.awaikenthemes.com/html-preview/leadz/images/company-wisdom-img-3.jpg]
[demo.awaikenthemes.com/html-preview/leadz/images/company-wisdom-img-4.jpg]
[demo.awaikenthemes.com/html-preview/leadz/images/features-image.jpg]
[demo.awaikenthemes.com/html-preview/leadz/images/cta-box-image.jpg]
[demo.awaikenthemes.com/html-preview/leadz/images/author-1.jpg]
[demo.awaikenthemes.com/html-preview/leadz/images/post-1.jpg]
[demo.awaikenthemes.com/html-preview/leadz/images/post-2.jpg]
[demo.awaikenthemes.com/html-preview/leadz/js/jquery-3.7.1.min.js]
[demo.awaikenthemes.com/html-preview/leadz/js/bootstrap.min.js]
[demo.awaikenthemes.com/html-preview/leadz/js/validator.min.js]
[demo.awaikenthemes.com/html-preview/leadz/js/jquery.slicknav.js]
[demo.awaikenthemes.com/html-preview/leadz/js/swiper-bundle.min.js]
[demo.awaikenthemes.com/html-preview/leadz/js/jquery.waypoints.min.js]
[demo.awaikenthemes.com/html-preview/leadz/js/jquery.counterup.min.js]
[demo.awaikenthemes.com/html-preview/leadz/js/isotope.min.js]
[demo.awaikenthemes.com/html-preview/leadz/js/jquery.magnific-popup.min.js]
[demo.awaikenthemes.com/html-preview/leadz/js/SmoothScroll.js]
[demo.awaikenthemes.com/html-preview/leadz/js/parallaxie.js]
[demo.awaikenthemes.com/html-preview/leadz/js/gsap.min.js]
[demo.awaikenthemes.com/html-preview/leadz/js/magiccursor.js]
[demo.awaikenthemes.com/html-preview/leadz/js/SplitText.js]
[demo.awaikenthemes.com/html-preview/leadz/js/ScrollTrigger.min.js]
[demo.awaikenthemes.com/html-preview/leadz/js/jquery.mb.YTPlayer.min.js]
[demo.awaikenthemes.com/html-preview/leadz/js/wow.js]
[demo.awaikenthemes.com/html-preview/leadz/js/function.js]
[demo.awaikenthemes.com/html-preview/leadz/index.html]
[demo.awaikenthemes.com/html-preview/leadz/css/bootstrap.min.css]
[demo.awaikenthemes.com/html-preview/leadz/css/slicknav.min.css]
[demo.awaikenthemes.com/html-preview/leadz/css/swiper-bundle.min.css]
[demo.awaikenthemes.com/html-preview/leadz/webfonts/fa-brands-400.woff2]
[demo.awaikenthemes.com/html-preview/leadz/webfonts/fa-brands-400.ttf]
[demo.awaikenthemes.com/html-preview/leadz/webfonts/fa-regular-400.woff2]
[demo.awaikenthemes.com/html-preview/leadz/webfonts/fa-regular-400.ttf]
[demo.awaikenthemes.com/html-preview/leadz/webfonts/fa-solid-900.woff2]
[demo.awaikenthemes.com/html-preview/leadz/webfonts/fa-solid-900.ttf]
[demo.awaikenthemes.com/html-preview/leadz/webfonts/fa-v4compatibility.woff2]
[demo.awaikenthemes.com/html-preview/leadz/webfonts/fa-v4compatibility.ttf]
[demo.awaikenthemes.com/html-preview/leadz/css/all.css]
[demo.awaikenthemes.com/html-preview/leadz/css/animate.css]
[demo.awaikenthemes.com/html-preview/leadz/css/magnific-popup.css]
[demo.awaikenthemes.com/html-preview/leadz/css/mousecursor.css]
[demo.awaikenthemes.com/html-preview/leadz/images/hero-bg.jpg]
[demo.awaikenthemes.com/html-preview/leadz/css/custom.css]
[demo.awaikenthemes.com/html-preview/leadz/images/loader.svg]
[demo.awaikenthemes.com/html-preview/leadz/images/icon-topbar-info.svg]
[demo.awaikenthemes.com/html-preview/leadz/index-2.html]
[demo.awaikenthemes.com/html-preview/leadz/images/logo.svg]
[demo.awaikenthemes.com/html-preview/leadz/index-image.html]
[demo.awaikenthemes.com/html-preview/leadz/index-video.html]
[demo.awaikenthemes.com/html-preview/leadz/images/hero-bg-2.jpg]
[demo.awaikenthemes.com/html-preview/leadz/index-slider.html]
[demo.awaikenthemes.com/html-preview/leadz/images/about-approach-chart.jpg]
[demo.awaikenthemes.com/html-preview/leadz/images/approach-investment-img.png]
[demo.awaikenthemes.com/html-preview/leadz/images/about-approach-progress-circle.png]
[demo.awaikenthemes.com/html-preview/leadz/images/benefits-item-image-1.png]
[demo.awaikenthemes.com/html-preview/leadz/images/benefits-item-image-2.png]
[demo.awaikenthemes.com/html-preview/leadz/images/benefits-item-image-3.png]
[demo.awaikenthemes.com/html-preview/leadz/images/benefits-item-image-4.png]
[demo.awaikenthemes.com/html-preview/leadz/images/success-customer-img-1.jpg]
[demo.awaikenthemes.com/html-preview/leadz/images/success-customer-img-2.jpg]
[demo.awaikenthemes.com/html-preview/leadz/images/success-customer-img-3.jpg]
[demo.awaikenthemes.com/html-preview/leadz/images/success-customer-img-4.jpg]
[demo.awaikenthemes.com/html-preview/leadz/images/company-success-image.jpg]
[demo.awaikenthemes.com/html-preview/leadz/images/company-success-chart.jpg]
[demo.awaikenthemes.com/html-preview/leadz/images/team-1.jpg]
[demo.awaikenthemes.com/html-preview/leadz/images/team-2.jpg]
[demo.awaikenthemes.com/html-preview/leadz/images/team-3.jpg]
[demo.awaikenthemes.com/html-preview/leadz/about.html]
[demo.awaikenthemes.com/html-preview/leadz/images/company-history-img-1.jpg]
[demo.awaikenthemes.com/html-preview/leadz/images/company-history-img-2.jpg]
[demo.awaikenthemes.com/html-preview/leadz/images/company-history-img-3.jpg]
[demo.awaikenthemes.com/html-preview/leadz/images/company-history-img-4.jpg]
[demo.awaikenthemes.com/html-preview/leadz/images/company-history-img-5.jpg]
[demo.awaikenthemes.com/html-preview/leadz/history.html]
[demo.awaikenthemes.com/html-preview/leadz/images/team-4.jpg]
[demo.awaikenthemes.com/html-preview/leadz/images/team-5.jpg]
[demo.awaikenthemes.com/html-preview/leadz/images/team-6.jpg]
[demo.awaikenthemes.com/html-preview/leadz/team.html]
[demo.awaikenthemes.com/html-preview/leadz/team-single.html]
[demo.awaikenthemes.com/html-preview/leadz/client.html]
[demo.awaikenthemes.com/html-preview/leadz/images/testimonial-author-1.png]
[demo.awaikenthemes.com/html-preview/leadz/images/testimonial-author-2.png]
[demo.awaikenthemes.com/html-preview/leadz/images/testimonial-author-3.png]
[demo.awaikenthemes.com/html-preview/leadz/images/testimonial-author-4.png]
[demo.awaikenthemes.com/html-preview/leadz/images/testimonial-author-5.png]
[demo.awaikenthemes.com/html-preview/leadz/testimonial.html]
[demo.awaikenthemes.com/html-preview/leadz/images/service-img-1.jpg]
[demo.awaikenthemes.com/html-preview/leadz/images/service-img-2.jpg]
[demo.awaikenthemes.com/html-preview/leadz/images/service-img-3.jpg]
[demo.awaikenthemes.com/html-preview/leadz/images/service-img-4.jpg]
[demo.awaikenthemes.com/html-preview/leadz/images/service-img-5.jpg]
[demo.awaikenthemes.com/html-preview/leadz/service.html]
[demo.awaikenthemes.com/html-preview/leadz/images/service-img-6.jpg]
[demo.awaikenthemes.com/html-preview/leadz/images/project-1.jpg]
[demo.awaikenthemes.com/html-preview/leadz/images/project-2.jpg]
[demo.awaikenthemes.com/html-preview/leadz/images/project-3.jpg]
[demo.awaikenthemes.com/html-preview/leadz/images/project-4.jpg]
[demo.awaikenthemes.com/html-preview/leadz/images/project-5.jpg]
[demo.awaikenthemes.com/html-preview/leadz/images/project-6.jpg]
[demo.awaikenthemes.com/html-preview/leadz/images/project-7.jpg]
[demo.awaikenthemes.com/html-preview/leadz/images/project-8.jpg]
[demo.awaikenthemes.com/html-preview/leadz/images/project-9.jpg]
[demo.awaikenthemes.com/html-preview/leadz/projects.html]
[demo.awaikenthemes.com/html-preview/leadz/images/service-List-image.jpg]
[demo.awaikenthemes.com/html-preview/leadz/images/service-entry-img-1.jpg]
[demo.awaikenthemes.com/html-preview/leadz/images/service-entry-img-2.jpg]
[demo.awaikenthemes.com/html-preview/leadz/service-single.html]
[demo.awaikenthemes.com/html-preview/leadz/project-single.html]
[demo.awaikenthemes.com/html-preview/leadz/images/post-3.jpg]
[demo.awaikenthemes.com/html-preview/leadz/images/post-4.jpg]
[demo.awaikenthemes.com/html-preview/leadz/images/post-5.jpg]
[demo.awaikenthemes.com/html-preview/leadz/images/post-6.jpg]
[demo.awaikenthemes.com/html-preview/leadz/blog.html]
[demo.awaikenthemes.com/html-preview/leadz/blog-single.html]
[demo.awaikenthemes.com/html-preview/leadz/images/case-study-img-1.jpg]
[demo.awaikenthemes.com/html-preview/leadz/images/case-study-img-2.jpg]
[demo.awaikenthemes.com/html-preview/leadz/images/case-study-img-3.jpg]
[demo.awaikenthemes.com/html-preview/leadz/images/case-study-img-4.jpg]
[demo.awaikenthemes.com/html-preview/leadz/images/case-study-img-5.jpg]
[demo.awaikenthemes.com/html-preview/leadz/images/case-study-img-6.jpg]
[demo.awaikenthemes.com/html-preview/leadz/case-study.html]
[demo.awaikenthemes.com/html-preview/leadz/case-study-single.html]
[demo.awaikenthemes.com/html-preview/leadz/pricing.html]
[demo.awaikenthemes.com/html-preview/leadz/images/gallery-1.jpg]
[demo.awaikenthemes.com/html-preview/leadz/images/gallery-2.jpg]
[demo.awaikenthemes.com/html-preview/leadz/images/gallery-3.jpg]
[demo.awaikenthemes.com/html-preview/leadz/images/gallery-4.jpg]
[demo.awaikenthemes.com/html-preview/leadz/images/gallery-5.jpg]
[demo.awaikenthemes.com/html-preview/leadz/images/gallery-6.jpg]
[demo.awaikenthemes.com/html-preview/leadz/images/gallery-7.jpg]
[demo.awaikenthemes.com/html-preview/leadz/images/gallery-8.jpg]
[demo.awaikenthemes.com/html-preview/leadz/images/gallery-9.jpg]
[demo.awaikenthemes.com/html-preview/leadz/image-gallery.html]
[demo.awaikenthemes.com/html-preview/leadz/images/video-gallery-img-1.jpg]
[demo.awaikenthemes.com/html-preview/leadz/images/video-gallery-img-2.jpg]
[demo.awaikenthemes.com/html-preview/leadz/images/video-gallery-img-3.jpg]
[demo.awaikenthemes.com/html-preview/leadz/images/video-gallery-img-4.jpg]
[demo.awaikenthemes.com/html-preview/leadz/images/video-gallery-img-5.jpg]
[demo.awaikenthemes.com/html-preview/leadz/images/video-gallery-img-6.jpg]
[demo.awaikenthemes.com/html-preview/leadz/images/video-gallery-img-7.jpg]
[demo.awaikenthemes.com/html-preview/leadz/images/video-gallery-img-8.jpg]
[demo.awaikenthemes.com/html-preview/leadz/images/video-gallery-img-9.jpg]
[demo.awaikenthemes.com/html-preview/leadz/video-gallery.html]
[demo.awaikenthemes.com/html-preview/leadz/faqs.html]
[demo.awaikenthemes.com/html-preview/leadz/images/404-error-img.png]
[demo.awaikenthemes.com/html-preview/leadz/404.html]
[demo.awaikenthemes.com/html-preview/leadz/contact.html]
[demo.awaikenthemes.com/html-preview/leadz/images/asterisk-icon.svg]
[demo.awaikenthemes.com/html-preview/leadz/images/icon-about-company-1.svg]
[demo.awaikenthemes.com/html-preview/leadz/images/icon-about-company-2.svg]
[demo.awaikenthemes.com/html-preview/leadz/images/icon-about-company-3.svg]
[demo.awaikenthemes.com/html-preview/leadz/images/icon-expertise-list-1.svg]
[demo.awaikenthemes.com/html-preview/leadz/images/icon-expertise-list-2.svg]
[demo.awaikenthemes.com/html-preview/leadz/images/icon-expertise-list-3.svg]
[demo.awaikenthemes.com/html-preview/leadz/images/icon-arrow.svg]
[demo.awaikenthemes.com/html-preview/leadz/images/icon-features-1.svg]
[demo.awaikenthemes.com/html-preview/leadz/images/icon-features-2.svg]
[demo.awaikenthemes.com/html-preview/leadz/images/icon-features-3.svg]
[demo.awaikenthemes.com/html-preview/leadz/images/faqs-client-logo-1.svg]
[demo.awaikenthemes.com/html-preview/leadz/images/faqs-client-logo-2.svg]
[demo.awaikenthemes.com/html-preview/leadz/images/faqs-client-logo-3.svg]
[demo.awaikenthemes.com/html-preview/leadz/images/faqs-client-logo-4.svg]
[demo.awaikenthemes.com/html-preview/leadz/images/faqs-client-logo-5.svg]
[demo.awaikenthemes.com/html-preview/leadz/images/footer-logo.svg]
[demo.awaikenthemes.com/html-preview/leadz/images/icon-contact-btn.svg]
[demo.awaikenthemes.com/html-preview/leadz/images/icon-sub-heading-primary.svg]
[demo.awaikenthemes.com/html-preview/leadz/images/section-bg.svg]
[demo.awaikenthemes.com/html-preview/leadz/images/icon-sub-heading-accent.svg]
[demo.awaikenthemes.com/html-preview/leadz/images/approach-bg-shape.svg]
[demo.awaikenthemes.com/html-preview/leadz/images/company-wisdom-bg.svg]
[demo.awaikenthemes.com/html-preview/leadz/images/icon-quesion-mark.svg]
[demo.awaikenthemes.com/html-preview/leadz/images/icon-blockquote.svg]
[demo.awaikenthemes.com/html-preview/leadz/images/icon-company-history.svg]
[demo.awaikenthemes.com/html-preview/leadz/images/testimonial-quotes.svg]
[demo.awaikenthemes.com/html-preview/leadz/images/company-logo-1.svg]
[demo.awaikenthemes.com/html-preview/leadz/images/company-logo-2.svg]
[demo.awaikenthemes.com/html-preview/leadz/images/company-logo-3.svg]
[demo.awaikenthemes.com/html-preview/leadz/images/company-logo-4.svg]
[demo.awaikenthemes.com/html-preview/leadz/images/company-logo-5.svg]
[demo.awaikenthemes.com/html-preview/leadz/images/company-logo-6.svg]
[demo.awaikenthemes.com/html-preview/leadz/images/company-logo-7.svg]
[demo.awaikenthemes.com/html-preview/leadz/images/company-logo-8.svg]
[demo.awaikenthemes.com/html-preview/leadz/images/company-logo-9.svg]
[demo.awaikenthemes.com/html-preview/leadz/images/icon-project-detail-1.svg]
[demo.awaikenthemes.com/html-preview/leadz/images/icon-project-detail-2.svg]
[demo.awaikenthemes.com/html-preview/leadz/images/icon-project-detail-3.svg]
[demo.awaikenthemes.com/html-preview/leadz/images/icon-project-detail-4.svg]
[demo.awaikenthemes.com/html-preview/leadz/images/icon-project-detail-5.svg]
[demo.awaikenthemes.com/html-preview/leadz/images/icon-quality-project-1.svg]
[demo.awaikenthemes.com/html-preview/leadz/images/icon-quality-project-2.svg]
[demo.awaikenthemes.com/html-preview/leadz/images/icon-quality-project-3.svg]
[demo.awaikenthemes.com/html-preview/leadz/images/icon-phone.svg]
[demo.awaikenthemes.com/html-preview/leadz/images/icon-email.svg]
[demo.awaikenthemes.com/html-preview/leadz/images/icon-location.svg]
